// Jest Snapshot v1, https://goo.gl/fbAQLP

exports[`Tests: Rockets render test 1`] = `<div />`;
